// Jest Snapshot v1, https://goo.gl/fbAQLP

exports[`<Footer /> should render correctly 1`] = `
<div
  className="footer"
>
  <div
    className="container"
  >
    common:footer.text
  </div>
</div>
`;
